
> frontend@0.0.0 build
> vite build

npm : [33mYou are 
using Node.js 20.18.0. 
Vite requires Node.js 
version 20.19+ or 
22.12+. Please upgrade 
your Node.js 
version.[39m
At line:1 char:1
+ npm run build > 
build_output.txt 2>&1 
; cat build_output.txt
+ ~~~~~~~~~~~~~~~~~~~~~
~~~~~~~~~~~~~~~~
    + CategoryInfo     
         : NotSpecifi  
  ed: ([33mYou are    
 us...s version.[3    
9m:String) [], Rem    
oteException
    + FullyQualifiedEr 
   rorId : NativeComm  
  andError
 
[36mvite v7.3.1 [32mbuilding client environment for production...[36m[39m
transforming...
[32mΓ£ô[39m 1052 modules transformed.
[31mΓ£ù[39m Build 
failed in 2.77s
[31merror during 
build:
[31mCould not resolve 
"../services/api" from 
"src/pages/employee/Emp
loyeeEditPage.jsx"[31m
file: [36mC:/Users/919
36/Documents/project 
3/EMS TESTING 2/fronten
d/src/pages/employee/Em
ployeeEditPage.jsx[31m
    at getRollupError (
file:///C:/Users/91936/
Documents/project%203/E
MS%20TESTING%202/fronte
nd/node_modules/rollup/
dist/es/shared/parseAst
.js:402:41)
    at error (file:///C
:/Users/91936/Documents
/project%203/EMS%20TEST
ING%202/frontend/node_m
odules/rollup/dist/es/s
hared/parseAst.js:398:4
2)
    at ModuleLoader.han
dleInvalidResolvedId (f
ile:///C:/Users/91936/D
ocuments/project%203/EM
S%20TESTING%202/fronten
d/node_modules/rollup/d
ist/es/shared/node-entr
y.js:21710:24)
    at file:///C:/Users
/91936/Documents/projec
t%203/EMS%20TESTING%202
/frontend/node_modules/
rollup/dist/es/shared/n
ode-entry.js:21670:26[
39m
