[INFO] Scanning for projects...
[INFO] 
[INFO] ------------------------< com.ems:ems-backend >-------------------------
[INFO] Building ems-backend 0.0.1-SNAPSHOT
[INFO]   from pom.xml
[INFO] --------------------------------[ jar ]---------------------------------
[INFO] 
[INFO] --- clean:3.3.2:clean (default-clean) @ ems-backend ---
[INFO] Deleting C:\Users\91936\Documents\project 3\EMS TESTING 2\backend\target
[INFO] 
[INFO] --- resources:3.3.1:resources (default-resources) @ ems-backend ---
[INFO] Copying 2 resources from src\main\resources to target\classes
[INFO] Copying 0 resource from src\main\resources to target\classes
[INFO] 
[INFO] --- compiler:3.11.0:compile (default-compile) @ ems-backend ---
[INFO] Changes detected - recompiling the module! :source
[INFO] Compiling 134 source files with javac [debug release 17] to target\classes
[INFO] Some messages have been simplified; recompile with -Xdiags:verbose to get full output
[INFO] -------------------------------------------------------------
[WARNING] COMPILATION WARNING : 
[INFO] -------------------------------------------------------------
[WARNING] /C:/Users/91936/Documents/project 3/EMS TESTING 2/backend/src/main/java/com/ems/entity/Notification.java:[32,21] @Builder will ignore the initializing expression entirely. If you want the initializing expression to serve as default, add @Builder.Default. If it is not supposed to be settable during building, make the field final.
[INFO] 1 warning
[INFO] -------------------------------------------------------------
[INFO] -------------------------------------------------------------
[ERROR] COMPILATION ERROR : 
[INFO] -------------------------------------------------------------
[ERROR] /C:/Users/91936/Documents/project 3/EMS TESTING 2/backend/src/main/java/com/ems/service/impl/LeaveAnalyticsServiceImpl.java:[49,59] incompatible types: bad return type in lambda expression
    possible lossy conversion from double to int
[ERROR] /C:/Users/91936/Documents/project 3/EMS TESTING 2/backend/src/main/java/com/ems/service/impl/LeaveAnalyticsServiceImpl.java:[55,59] incompatible types: bad return type in lambda expression
    possible lossy conversion from double to int
[INFO] 2 errors 
[INFO] -------------------------------------------------------------
[INFO] ------------------------------------------------------------------------
[INFO] BUILD FAILURE
[INFO] ------------------------------------------------------------------------
[INFO] Total time:  35.178 s
[INFO] Finished at: 2026-04-07T20:05:54+05:30
[INFO] ------------------------------------------------------------------------
[ERROR] Failed to execute goal org.apache.maven.plugins:maven-compiler-plugin:3.11.0:compile (default-compile) on project ems-backend: Compilation failure: Compilation failure: 
[ERROR] /C:/Users/91936/Documents/project 3/EMS TESTING 2/backend/src/main/java/com/ems/service/impl/LeaveAnalyticsServiceImpl.java:[49,59] incompatible types: bad return type in lambda expression
[ERROR]     possible lossy conversion from double to int
[ERROR] /C:/Users/91936/Documents/project 3/EMS TESTING 2/backend/src/main/java/com/ems/service/impl/LeaveAnalyticsServiceImpl.java:[55,59] incompatible types: bad return type in lambda expression
[ERROR]     possible lossy conversion from double to int
[ERROR] -> [Help 1]
[ERROR] 
[ERROR] To see the full stack trace of the errors, re-run Maven with the -e switch.
[ERROR] Re-run Maven using the -X switch to enable full debug logging.
[ERROR] 
[ERROR] For more information about the errors and possible solutions, please read the following articles:
[ERROR] [Help 1] http://cwiki.apache.org/confluence/display/MAVEN/MojoFailureException
